dfsfdstoken: 259  text: <x>
token: 295  text: <:>
token: 273  text: <array>
token: 260  text: <integer>
token: 283  text: <=>
token: 304  text: <{>
token: 271  text: <1>
token: 296  text: <,>
token: 271  text: <2>
token: 296  text: <,>
token: 271  text: <3>
token: 296  text: <,>
token: 271  text: <4>
token: 305  text: <}>
token: 274  text: <;>
opened file
parse error: syntax error
Parse Error
