dfsfdstoken: 259  text: <x>
token: 295  text: <:>
token: 260  text: <integer>
token: 274  text: <;>
token: 259  text: <funct2>
token: 295  text: <:>
token: 293  text: <function>
token: 292  text: <void>
token: 308  text: <(>
token: 309  text: <)>
token: 283  text: <=>
token: 304  text: <{>
token: 299  text: <if>
token: 308  text: <(>
token: 259  text: <x>
token: 289  text: <<>
token: 271  text: <5>
token: 309  text: <)>
token: 304  text: <{>
token: 259  text: <x>
token: 276  text: <++>
token: 274  text: <;>
token: 305  text: <}>
token: 311  text: <else>
token: 304  text: <{>
token: 259  text: <x>
token: 276  text: <++>
token: 274  text: <;>
token: 259  text: <x>
token: 277  text: <-->
token: 274  text: <;>
token: 305  text: <}>
token: 311  text: <else>
token: 304  text: <{>
token: 297  text: <print>
token: 270  text: <"error, this shouldn't work">
token: 274  text: <;>
token: 305  text: <}>
token: 305  text: <}>
opened file
gotrealtype
gotrealtype
logic
incr
 expression parsed
 closed(expr)stmt -> closed
 closed(expr)incr
 expression parsed
 closed(expr)stmt -> closed
decr 
 expression parsed
 closed(expr)stmt -> closed
 closed(expr)closed(if closed else closed)stmt -> closed
parse error: syntax error
Parse Error
