dfsfdstoken: 259  text: <x>
token: 295  text: <:>
token: 293  text: <function>
token: 308  text: <(>
token: 259  text: <y>
token: 295  text: <:>
token: 260  text: <integer>
token: 309  text: <)>
token: 283  text: <=>
token: 304  text: <{>
opened file
parse error: syntax error
Parse Error
