dfsfdstoken: 259  text: <fxn>
token: 295  text: <:>
token: 293  text: <function>
token: 292  text: <void>
token: 308  text: <(>
token: 309  text: <)>
token: 283  text: <=>
token: 304  text: <{>
token: 274  text: <;>
token: 305  text: <}>
opened file
gotrealtype
parse error: syntax error
Parse Error
