dfsfdstoken: 259  text: <printf>
token: 270  text: <"hello world">
token: 296  text: <,>
token: 259  text: <x>
token: 296  text: <,>
token: 259  text: <y>
token: 274  text: <;>
opened file
parse error: syntax error
Parse Error
