dfsfdstoken: 259  text: <x>
token: 295  text: <:>
token: 260  text: <integer>
token: 283  text: <=>
token: 271  text: <5>
token: 274  text: <;>
token: 259  text: <main>
token: 295  text: <:>
token: 293  text: <function>
token: 292  text: <void>
token: 308  text: <(>
token: 309  text: <)>
token: 283  text: <=>
token: 304  text: <{>
token: 259  text: <x>
token: 276  text: <++>
token: 274  text: <;>
token: 259  text: <x>
token: 276  text: <++>
token: 305  text: <}>
opened file
gotrealtype
gotrealtype
incr
 expression parsed
 closed(expr)stmt -> closed
incr
parse error: syntax error
Parse Error
