dfsfdstoken: 259  text: <main>
token: 295  text: <:>
token: 293  text: <function>
token: 292  text: <void>
token: 308  text: <(>
token: 270  text: <"hello">
token: 296  text: <,>
token: 259  text: <x>
token: 295  text: <:>
token: 260  text: <integer>
token: 309  text: <)>
token: 283  text: <=>
token: 304  text: <{>
token: 297  text: <print>
token: 259  text: <x>
token: 274  text: <;>
token: 305  text: <}>
opened file
gotrealtype
parse error: syntax error
Parse Error
