dfsfdstoken: 259  text: <main>
token: 295  text: <:>
token: 293  text: <function>
token: 292  text: <void>
token: 308  text: <(>
token: 259  text: <hello>
token: 295  text: <:>
token: 263  text: <string>
token: 296  text: <,>
token: 309  text: <)>
token: 283  text: <=>
token: 304  text: <{>
token: 297  text: <print>
token: 259  text: <hello>
token: 274  text: <;>
token: 305  text: <}>
opened file
gotrealtype
gotrealtype
parse error: syntax error
Parse Error
