dfsfdstoken: 259  text: <func1>
token: 295  text: <:>
token: 293  text: <function>
token: 260  text: <integer>
token: 308  text: <(>
token: 259  text: <x>
token: 295  text: <:>
token: 260  text: <integer>
token: 296  text: <,>
token: 259  text: <y>
token: 295  text: <:>
token: 310  text: <char>
token: 309  text: <)>
token: 283  text: <=>
token: 304  text: <{>
token: 297  text: <print>
token: 259  text: <x>
token: 274  text: <;>
token: 294  text: <return>
token: 271  text: <1>
token: 274  text: <;>
token: 305  text: <}>
token: 259  text: <func2>
token: 295  text: <:>
token: 293  text: <function>
token: 260  text: <integer>
token: 308  text: <(>
token: 259  text: <y>
token: 295  text: <:>
token: 310  text: <char>
token: 309  text: <)>
token: 283  text: <=>
token: 304  text: <{>
token: 297  text: <print>
token: 259  text: <x>
token: 274  text: <;>
token: 294  text: <return>
token: 271  text: <2>
token: 274  text: <;>
token: 305  text: <}>
token: 259  text: <func3>
token: 295  text: <:>
token: 293  text: <function>
token: 260  text: <integer>
token: 308  text: <(>
token: 259  text: <x>
token: 295  text: <:>
token: 260  text: <integer>
token: 296  text: <,>
token: 259  text: <y>
token: 295  text: <:>
token: 310  text: <char>
token: 296  text: <,>
token: 259  text: <z>
token: 295  text: <:>
token: 263  text: <string>
token: 309  text: <)>
token: 283  text: <=>
token: 304  text: <{>
token: 297  text: <print>
token: 259  text: <z>
token: 274  text: <;>
token: 294  text: <return>
token: 271  text: <4>
token: 274  text: <;>
token: 305  text: <}>
token: 259  text: <main>
token: 295  text: <:>
token: 293  text: <function>
token: 292  text: <void>
token: 308  text: <(>
token: 309  text: <)>
token: 283  text: <=>
token: 304  text: <{>
token: 259  text: <x>
token: 295  text: <:>
token: 260  text: <integer>
token: 283  text: <=>
token: 271  text: <4>
token: 274  text: <;>
token: 259  text: <y>
token: 295  text: <:>
token: 310  text: <char>
token: 283  text: <=>
token: 262  text: <'c'>
token: 274  text: <;>
token: 259  text: <z>
token: 295  text: <:>
token: 263  text: <string>
token: 283  text: <=>
token: 270  text: <"hello">
token: 274  text: <;>
token: 259  text: <func2>
token: 308  text: <(>
token: 262  text: <'c'>
token: 309  text: <)>
token: 274  text: <;>
token: 259  text: <func2>
token: 308  text: <(>
token: 259  text: <y>
token: 309  text: <)>
token: 274  text: <;>
token: 259  text: <func1>
token: 308  text: <(>
token: 271  text: <42>
token: 296  text: <,>
token: 259  text: <y>
token: 309  text: <)>
token: 274  text: <;>
token: 259  text: <func1>
token: 308  text: <(>
token: 259  text: <x>
token: 296  text: <,>
token: 262  text: <'c'>
token: 309  text: <)>
token: 274  text: <;>
token: 259  text: <func3>
token: 308  text: <(>
token: 271  text: <4>
token: 296  text: <,>
token: 259  text: <y>
token: 296  text: <,>
token: 259  text: <z>
token: 309  text: <)>
token: 274  text: <;>
token: 305  text: <}>
opened file
gotrealtype
gotrealtype
gotrealtype
 closed(expr)stmt -> closed
 expression parsed
return
 closed(expr)stmt -> closed
got list
got f decl
gotrealtype
gotrealtype
 closed(expr)stmt -> closed
 expression parsed
return
 closed(expr)stmt -> closed
got list
got f decl
gotrealtype
gotrealtype
gotrealtype
gotrealtype
 closed(expr)stmt -> closed
 expression parsed
return
 closed(expr)stmt -> closed
got list
got f decl
gotrealtype
gotrealtype
 closed(expr)stmt -> closed
gotrealtype
gotchar
 closed(expr)stmt -> closed
gotrealtype
gotstr
 closed(expr)stmt -> closed
gotchar
 expression parsed
 closed(expr)stmt -> closed
 expression parsed
 closed(expr)stmt -> closed
 expression parsed
 closed(expr)stmt -> closed
gotchar
 expression parsed
 closed(expr)stmt -> closed
 expression parsed
 closed(expr)stmt -> closed
got list
got f decl
got f_decl_listgot f_decl_listgot f_decl_listgot f_decl_listParse Successful 258
