dfsfdstoken: 259  text: <x>
token: 295  text: <:>
token: 260  text: <integer>
token: 274  text: <;>
token: 259  text: <y>
token: 295  text: <:>
token: 260  text: <integer>
token: 274  text: <;>
token: 259  text: <z>
token: 295  text: <:>
token: 260  text: <integer>
token: 274  text: <;>
token: 259  text: <arr>
token: 295  text: <:>
token: 273  text: <array>
token: 306  text: <[>
token: 271  text: <5>
token: 307  text: <]>
token: 273  text: <array>
token: 306  text: <[>
token: 271  text: <5>
token: 307  text: <]>
token: 260  text: <integer>
token: 274  text: <;>
token: 259  text: <str>
token: 295  text: <:>
token: 263  text: <string>
token: 283  text: <=>
token: 270  text: <"hello world">
token: 274  text: <;>
token: 259  text: <fxn>
token: 295  text: <:>
token: 293  text: <function>
token: 260  text: <integer>
token: 308  text: <(>
token: 309  text: <)>
token: 283  text: <=>
token: 304  text: <{>
token: 259  text: <arr>
token: 306  text: <[>
token: 271  text: <3>
token: 307  text: <]>
token: 306  text: <[>
token: 271  text: <2>
token: 307  text: <]>
token: 283  text: <=>
token: 271  text: <5>
token: 274  text: <;>
token: 259  text: <x>
token: 283  text: <=>
token: 259  text: <arr>
token: 306  text: <[>
token: 271  text: <2>
token: 307  text: <]>
token: 306  text: <[>
token: 271  text: <3>
token: 307  text: <]>
token: 274  text: <;>
token: 259  text: <x>
token: 276  text: <++>
token: 274  text: <;>
token: 294  text: <return>
token: 259  text: <z>
token: 274  text: <;>
token: 259  text: <c>
token: 295  text: <:>
token: 310  text: <char>
token: 283  text: <=>
token: 259  text: <str>
token: 306  text: <[>
token: 271  text: <0>
token: 307  text: <]>
token: 274  text: <;>
token: 305  text: <}>
opened file
gotrealtype
gotrealtype
gotrealtype
 expression -> expr expression -> exprgotrealtype
gotrealtype
gotstr
gotrealtype
 expression parsed
 closed(expr)stmt -> closed
 expression parsed
 closed(expr)stmt -> closed
incr
 expression parsed
 closed(expr)stmt -> closed
 expression parsed
return
 closed(expr)stmt -> closed
gotrealtype
 closed(expr)stmt -> closed
got list
got f decl
got f_decl_listgot f_decl_listgot f_decl_listgot f_decl_listgot f_decl_listgot f_decl_listParse Successful 258
