dfsfdstoken: 259  text: <main>
token: 295  text: <:>
token: 293  text: <function>
token: 292  text: <void>
token: 308  text: <(>
token: 309  text: <)>
token: 283  text: <=>
token: 304  text: <{>
token: 299  text: <if>
token: 308  text: <(>
token: 271  text: <10>
token: 289  text: <<>
token: 271  text: <20>
token: 309  text: <)>
token: 297  text: <print>
token: 270  text: <"hi">
token: 274  text: <;>
token: 311  text: <else>
token: 297  text: <print>
token: 270  text: <"hello">
token: 274  text: <;>
token: 299  text: <if>
token: 308  text: <(>
token: 271  text: <10>
token: 289  text: <<>
token: 271  text: <20>
token: 309  text: <)>
token: 304  text: <{>
token: 297  text: <print>
token: 270  text: <"hi">
token: 274  text: <;>
token: 305  text: <}>
token: 311  text: <else>
token: 304  text: <{>
token: 297  text: <print>
token: 270  text: <"hello">
token: 274  text: <;>
token: 305  text: <}>
token: 305  text: <}>
opened file
gotrealtype
logic
gotstr
 closed(expr)gotstr
 closed(expr)closed(if closed else closed)stmt -> closed
logic
gotstr
 closed(expr)stmt -> closed
 closed(expr)gotstr
 closed(expr)stmt -> closed
 closed(expr)closed(if closed else closed)stmt -> closed
got list
got f decl
got f_decl_listParse Successful 258
