dfsfdstoken: 259  text: <main>
token: 295  text: <:>
token: 293  text: <function>
token: 292  text: <void>
token: 308  text: <(>
token: 309  text: <)>
token: 283  text: <=>
token: 304  text: <{>
token: 259  text: <x>
token: 295  text: <:>
token: 260  text: <integer>
token: 283  text: <=>
token: 271  text: <5>
token: 274  text: <;>
token: 259  text: <y>
token: 295  text: <:>
token: 260  text: <integer>
token: 283  text: <=>
token: 271  text: <4>
token: 274  text: <;>
token: 259  text: <z>
token: 295  text: <:>
token: 264  text: <boolean>
token: 283  text: <=>
token: 272  text: <true>
token: 269  text: <||>
token: 281  text: <->
token: 308  text: <(>
token: 271  text: <4>
token: 279  text: <*>
token: 259  text: <x>
token: 285  text: <^>
token: 271  text: <5>
token: 309  text: <)>
token: 280  text: <+>
token: 308  text: <(>
token: 271  text: <4>
token: 281  text: <->
token: 271  text: <4>
token: 309  text: <)>
token: 266  text: <>=>
token: 271  text: <16>
token: 281  text: <->
token: 271  text: <6>
token: 279  text: <*>
token: 271  text: <3>
token: 280  text: <+>
token: 259  text: <x>
token: 268  text: <&&>
token: 259  text: <y>
token: 285  text: <^>
token: 271  text: <2>
token: 265  text: <==>
token: 271  text: <16>
token: 274  text: <;>
token: 305  text: <}>
opened file
gotrealtype
gotrealtype
 closed(expr)stmt -> closed
gotrealtype
 closed(expr)stmt -> closed
gotrealtype
got boolean
mult
got exponent
got neg
logic
sub
addlogic
mult
sub
and
got exponent
addlogic
 closed(expr)stmt -> closed
got list
got f decl
got f_decl_listParse Successful 258
