dfsfdstoken: 259  text: <x>
token: 295  text: <:>
token: 260  text: <integer>
token: 283  text: <=>
token: 271  text: <5>
token: 274  text: <;>
token: 259  text: <c>
token: 295  text: <:>
token: 310  text: <char>
token: 283  text: <=>
token: 262  text: <'A'>
token: 274  text: <;>
token: 259  text: <str>
token: 295  text: <:>
token: 263  text: <string>
token: 283  text: <=>
token: 270  text: <"hello">
token: 274  text: <;>
token: 259  text: <iarr>
token: 295  text: <:>
token: 273  text: <array>
token: 306  text: <[>
token: 271  text: <4>
token: 307  text: <]>
token: 260  text: <integer>
token: 283  text: <=>
token: 304  text: <{>
token: 271  text: <1>
token: 296  text: <,>
token: 271  text: <2>
token: 296  text: <,>
token: 271  text: <3>
token: 296  text: <,>
token: 271  text: <4>
token: 305  text: <}>
token: 274  text: <;>
token: 259  text: <carr>
token: 295  text: <:>
token: 273  text: <array>
token: 306  text: <[>
token: 271  text: <4>
token: 307  text: <]>
token: 310  text: <char>
token: 283  text: <=>
token: 304  text: <{>
token: 262  text: <'a'>
token: 296  text: <,>
token: 262  text: <'b'>
token: 296  text: <,>
token: 262  text: <'c'>
token: 296  text: <,>
token: 262  text: <'d'>
token: 305  text: <}>
token: 274  text: <;>
token: 259  text: <barr>
token: 295  text: <:>
token: 273  text: <array>
token: 306  text: <[>
token: 271  text: <4>
token: 307  text: <]>
token: 264  text: <boolean>
token: 283  text: <=>
token: 304  text: <{>
token: 272  text: <true>
token: 296  text: <,>
token: 272  text: <false>
token: 296  text: <,>
token: 272  text: <true>
token: 296  text: <,>
token: 272  text: <true>
token: 305  text: <}>
token: 274  text: <;>
token: 259  text: <iaar>
token: 295  text: <:>
token: 273  text: <array>
token: 306  text: <[>
token: 271  text: <4>
token: 307  text: <]>
token: 273  text: <array>
token: 306  text: <[>
token: 271  text: <4>
token: 307  text: <]>
token: 260  text: <integer>
token: 283  text: <=>
token: 304  text: <{>
token: 259  text: <iarr>
token: 296  text: <,>
token: 259  text: <iarr>
token: 296  text: <,>
token: 259  text: <iarr>
token: 296  text: <,>
token: 259  text: <iarr>
token: 305  text: <}>
token: 274  text: <;>
opened file
gotrealtype
gotrealtype
gotchar
gotrealtype
gotstr
 expression -> exprgotrealtype
 expression -> exprgotrealtype
gotchar
gotchar
gotchar
gotchar
 expression -> exprgotrealtype
got boolean
got boolean
got boolean
got boolean
 expression -> expr expression -> exprgotrealtype
got f_decl_listgot f_decl_listgot f_decl_listgot f_decl_listgot f_decl_listgot f_decl_listgot f_decl_listParse Successful 258
