dfsfdstoken: 259  text: <arr>
token: 295  text: <:>
token: 273  text: <array>
token: 306  text: <[>
token: 271  text: <5>
token: 307  text: <]>
token: 260  text: <integer>
token: 283  text: <=>
token: 304  text: <{>
token: 271  text: <0>
token: 296  text: <,>
token: 271  text: <1>
token: 296  text: <,>
token: 271  text: <2>
token: 296  text: <,>
token: 271  text: <3>
token: 296  text: <,>
token: 271  text: <4>
token: 305  text: <}>
token: 274  text: <;>
token: 259  text: <main>
token: 295  text: <:>
token: 293  text: <function>
token: 292  text: <void>
token: 308  text: <(>
token: 309  text: <)>
token: 283  text: <=>
token: 304  text: <{>
token: 259  text: <x>
token: 295  text: <:>
token: 260  text: <integer>
token: 283  text: <=>
token: 271  text: <5>
token: 274  text: <;>
token: 259  text: <y>
token: 295  text: <:>
token: 260  text: <integer>
token: 283  text: <=>
token: 271  text: <3>
token: 274  text: <;>
token: 259  text: <arr>
token: 306  text: <[>
token: 259  text: <x>
token: 281  text: <->
token: 259  text: <y>
token: 307  text: <]>
token: 283  text: <=>
token: 271  text: <4>
token: 274  text: <;>
token: 259  text: <arr>
token: 306  text: <[>
token: 259  text: <y>
token: 280  text: <+>
token: 259  text: <x>
token: 279  text: <*>
token: 271  text: <3>
token: 307  text: <]>
token: 283  text: <=>
token: 259  text: <arr>
token: 306  text: <[>
token: 271  text: <2>
token: 280  text: <+>
token: 259  text: <x>
token: 285  text: <^>
token: 271  text: <2>
token: 281  text: <->
token: 271  text: <1>
token: 307  text: <]>
token: 274  text: <;>
token: 305  text: <}>
opened file
 expression -> exprgotrealtype
gotrealtype
gotrealtype
 closed(expr)stmt -> closed
gotrealtype
 closed(expr)stmt -> closed
sub
 expression parsed
 closed(expr)stmt -> closed
mult
addgot exponent
addsub
 expression parsed
 closed(expr)stmt -> closed
got list
got f decl
got f_decl_listgot f_decl_listParse Successful 258
