dfsfdstoken: 259  text: <x>
token: 295  text: <:>
token: 260  text: <integer>
token: 274  text: <;>
token: 259  text: <main>
token: 295  text: <:>
token: 293  text: <function>
token: 292  text: <void>
token: 308  text: <(>
token: 309  text: <)>
token: 283  text: <=>
token: 304  text: <{>
token: 301  text: <for>
token: 308  text: <(>
token: 274  text: <;>
token: 274  text: <;>
token: 309  text: <)>
token: 304  text: <{>
token: 259  text: <x>
token: 295  text: <:>
token: 260  text: <integer>
token: 283  text: <=>
token: 271  text: <5>
token: 274  text: <;>
token: 304  text: <{>
token: 259  text: <x>
token: 295  text: <:>
token: 260  text: <integer>
token: 283  text: <=>
token: 271  text: <6>
token: 274  text: <;>
token: 297  text: <print>
token: 259  text: <x>
token: 274  text: <;>
token: 305  text: <}>
token: 305  text: <}>
token: 299  text: <if>
token: 308  text: <(>
token: 259  text: <x>
token: 290  text: <>>
token: 271  text: <5>
token: 309  text: <)>
token: 304  text: <{>
token: 259  text: <x>
token: 276  text: <++>
token: 274  text: <;>
token: 305  text: <}>
token: 305  text: <}>
token: 259  text: <funct2>
token: 295  text: <:>
token: 293  text: <function>
token: 292  text: <void>
token: 308  text: <(>
token: 309  text: <)>
token: 283  text: <=>
token: 304  text: <{>
token: 304  text: <{>
token: 297  text: <print>
token: 270  text: <"hello">
token: 274  text: <;>
token: 305  text: <}>
token: 299  text: <if>
token: 308  text: <(>
token: 259  text: <x>
token: 290  text: <>>
token: 271  text: <5>
token: 309  text: <)>
token: 299  text: <if>
token: 308  text: <(>
token: 259  text: <x>
token: 289  text: <<>
token: 271  text: <5>
token: 309  text: <)>
token: 304  text: <{>
token: 259  text: <x>
token: 276  text: <++>
token: 274  text: <;>
token: 305  text: <}>
token: 311  text: <else>
token: 304  text: <{>
token: 259  text: <x>
token: 276  text: <++>
token: 274  text: <;>
token: 259  text: <x>
token: 277  text: <-->
token: 274  text: <;>
token: 305  text: <}>
token: 305  text: <}>
opened file
gotrealtype
gotrealtype
gotrealtype
 closed(expr)stmt -> closed
gotrealtype
 closed(expr)stmt -> closed
 closed(expr)stmt -> closed
 closed(expr)stmt -> closed
 closed(expr)closed(for( closed ))stmt -> closed
logic
incr
 expression parsed
 closed(expr)stmt -> closed
 closed(expr) open( if closed )stmt -> open
got list
got f decl
gotrealtype
gotstr
 closed(expr)stmt -> closed
 closed(expr)stmt -> closed
logic
logic
incr
 expression parsed
 closed(expr)stmt -> closed
 closed(expr)incr
 expression parsed
 closed(expr)stmt -> closed
decr 
 expression parsed
 closed(expr)stmt -> closed
 closed(expr)closed(if closed else closed) open( if closed )stmt -> open
got list
got f decl
got f_decl_listgot f_decl_listgot f_decl_listParse Successful 258
