dfsfdstoken: 259  text: <main>
token: 295  text: <:>
token: 293  text: <function>
token: 292  text: <void>
token: 308  text: <(>
token: 309  text: <)>
token: 283  text: <=>
token: 304  text: <{>
token: 259  text: <x>
token: 295  text: <:>
token: 260  text: <integer>
token: 283  text: <=>
token: 271  text: <5>
token: 274  text: <;>
token: 259  text: <y>
token: 295  text: <:>
token: 260  text: <integer>
token: 283  text: <=>
token: 271  text: <4>
token: 274  text: <;>
token: 299  text: <if>
token: 308  text: <(>
token: 278  text: <!>
token: 308  text: <(>
token: 308  text: <(>
token: 271  text: <4>
token: 279  text: <*>
token: 259  text: <x>
token: 285  text: <^>
token: 271  text: <5>
token: 280  text: <+>
token: 271  text: <4>
token: 309  text: <)>
token: 281  text: <->
token: 271  text: <4>
token: 266  text: <>=>
token: 271  text: <1>
token: 309  text: <)>
token: 309  text: <)>
token: 304  text: <{>
token: 259  text: <x>
token: 283  text: <=>
token: 271  text: <6>
token: 274  text: <;>
token: 305  text: <}>
token: 305  text: <}>
opened file
gotrealtype
gotrealtype
 closed(expr)stmt -> closed
gotrealtype
 closed(expr)stmt -> closed
mult
got exponent
addsub
logic
got not
 expression parsed
 closed(expr)stmt -> closed
 closed(expr) open( if closed )stmt -> open
got list
got f decl
got f_decl_listParse Successful 258
